<?xml version="1.0"?>
<link_info>
   <banner>TMS320C2000 Linker PC v6.2.5</banner>
   <copyright>Copyright (c) 1996-2014 Texas Instruments Incorporated</copyright>
   <link_time>0x5c94d09f</link_time>
   <link_errors>0x0</link_errors>
   <output_file>ProDSP_F335.out</output_file>
   <entry_point>
      <name>_c_int00</name>
      <address>0x339e15</address>
   </entry_point>
   <input_file_list>
      <input_file id="fl-2">
         <path>.\source\</path>
         <kind>object</kind>
         <file>MainSPWM.obj</file>
         <name>MainSPWM.obj</name>
      </input_file>
      <input_file id="fl-3">
         <path>.\source\</path>
         <kind>object</kind>
         <file>DSP2833x_usDelay.obj</file>
         <name>DSP2833x_usDelay.obj</name>
      </input_file>
      <input_file id="fl-4">
         <path>.\source\</path>
         <kind>object</kind>
         <file>DSP2833x_Xintf.obj</file>
         <name>DSP2833x_Xintf.obj</name>
      </input_file>
      <input_file id="fl-5">
         <path>.\source\</path>
         <kind>object</kind>
         <file>DSP2833x_SysCtrl.obj</file>
         <name>DSP2833x_SysCtrl.obj</name>
      </input_file>
      <input_file id="fl-6">
         <path>.\source\</path>
         <kind>object</kind>
         <file>DSP2833x_Spi.obj</file>
         <name>DSP2833x_Spi.obj</name>
      </input_file>
      <input_file id="fl-7">
         <path>.\source\</path>
         <kind>object</kind>
         <file>DSP2833x_Sci.obj</file>
         <name>DSP2833x_Sci.obj</name>
      </input_file>
      <input_file id="fl-8">
         <path>.\source\</path>
         <kind>object</kind>
         <file>DSP2833x_PieVect.obj</file>
         <name>DSP2833x_PieVect.obj</name>
      </input_file>
      <input_file id="fl-9">
         <path>.\source\</path>
         <kind>object</kind>
         <file>DSP2833x_PieCtrl.obj</file>
         <name>DSP2833x_PieCtrl.obj</name>
      </input_file>
      <input_file id="fl-a">
         <path>.\source\</path>
         <kind>object</kind>
         <file>DSP2833x_MemCopy.obj</file>
         <name>DSP2833x_MemCopy.obj</name>
      </input_file>
      <input_file id="fl-b">
         <path>.\source\</path>
         <kind>object</kind>
         <file>DSP2833x_Mcbsp.obj</file>
         <name>DSP2833x_Mcbsp.obj</name>
      </input_file>
      <input_file id="fl-c">
         <path>.\source\</path>
         <kind>object</kind>
         <file>DSP2833x_I2C.obj</file>
         <name>DSP2833x_I2C.obj</name>
      </input_file>
      <input_file id="fl-d">
         <path>.\source\</path>
         <kind>object</kind>
         <file>DSP2833x_Gpio.obj</file>
         <name>DSP2833x_Gpio.obj</name>
      </input_file>
      <input_file id="fl-e">
         <path>.\source\</path>
         <kind>object</kind>
         <file>DSP2833x_GlobalVariableDefs.obj</file>
         <name>DSP2833x_GlobalVariableDefs.obj</name>
      </input_file>
      <input_file id="fl-f">
         <path>.\source\</path>
         <kind>object</kind>
         <file>DSP2833x_EQep.obj</file>
         <name>DSP2833x_EQep.obj</name>
      </input_file>
      <input_file id="fl-10">
         <path>.\source\</path>
         <kind>object</kind>
         <file>DSP2833x_EPwm.obj</file>
         <name>DSP2833x_EPwm.obj</name>
      </input_file>
      <input_file id="fl-11">
         <path>.\source\</path>
         <kind>object</kind>
         <file>DSP2833x_ECap.obj</file>
         <name>DSP2833x_ECap.obj</name>
      </input_file>
      <input_file id="fl-12">
         <path>.\source\</path>
         <kind>object</kind>
         <file>DSP2833x_ECan.obj</file>
         <name>DSP2833x_ECan.obj</name>
      </input_file>
      <input_file id="fl-13">
         <path>.\source\</path>
         <kind>object</kind>
         <file>DSP2833x_DisInt.obj</file>
         <name>DSP2833x_DisInt.obj</name>
      </input_file>
      <input_file id="fl-14">
         <path>.\source\</path>
         <kind>object</kind>
         <file>DSP2833x_DefaultIsr.obj</file>
         <name>DSP2833x_DefaultIsr.obj</name>
      </input_file>
      <input_file id="fl-15">
         <path>.\source\</path>
         <kind>object</kind>
         <file>DSP2833x_DMA.obj</file>
         <name>DSP2833x_DMA.obj</name>
      </input_file>
      <input_file id="fl-16">
         <path>.\source\</path>
         <kind>object</kind>
         <file>DSP2833x_DBGIER.obj</file>
         <name>DSP2833x_DBGIER.obj</name>
      </input_file>
      <input_file id="fl-17">
         <path>.\source\</path>
         <kind>object</kind>
         <file>DSP2833x_CpuTimers.obj</file>
         <name>DSP2833x_CpuTimers.obj</name>
      </input_file>
      <input_file id="fl-18">
         <path>.\source\</path>
         <kind>object</kind>
         <file>DSP2833x_CodeStartBranch.obj</file>
         <name>DSP2833x_CodeStartBranch.obj</name>
      </input_file>
      <input_file id="fl-19">
         <path>.\source\</path>
         <kind>object</kind>
         <file>DSP2833x_CSMPasswords.obj</file>
         <name>DSP2833x_CSMPasswords.obj</name>
      </input_file>
      <input_file id="fl-1a">
         <path>.\source\</path>
         <kind>object</kind>
         <file>DSP2833x_Adc.obj</file>
         <name>DSP2833x_Adc.obj</name>
      </input_file>
      <input_file id="fl-1b">
         <path>.\source\</path>
         <kind>object</kind>
         <file>DSP2833x_ADC_cal.obj</file>
         <name>DSP2833x_ADC_cal.obj</name>
      </input_file>
      <input_file id="fl-2f">
         <path>E:\DSP\CCS6.0\ccsv6\tools\compiler\c2000_6.2.5\lib\</path>
         <kind>archive</kind>
         <file>rts2800_fpu32.lib</file>
         <name>boot.obj</name>
      </input_file>
      <input_file id="fl-30">
         <path>E:\DSP\CCS6.0\ccsv6\tools\compiler\c2000_6.2.5\lib\</path>
         <kind>archive</kind>
         <file>rts2800_fpu32.lib</file>
         <name>exit.obj</name>
      </input_file>
      <input_file id="fl-31">
         <path>E:\DSP\CCS6.0\ccsv6\tools\compiler\c2000_6.2.5\lib\</path>
         <kind>archive</kind>
         <file>rts2800_fpu32.lib</file>
         <name>fs_div.obj</name>
      </input_file>
      <input_file id="fl-32">
         <path>E:\DSP\CCS6.0\ccsv6\tools\compiler\c2000_6.2.5\lib\</path>
         <kind>archive</kind>
         <file>rts2800_fpu32.lib</file>
         <name>i_div.obj</name>
      </input_file>
      <input_file id="fl-33">
         <path>E:\DSP\CCS6.0\ccsv6\tools\compiler\c2000_6.2.5\lib\</path>
         <kind>archive</kind>
         <file>rts2800_fpu32.lib</file>
         <name>memcpy_ff.obj</name>
      </input_file>
      <input_file id="fl-34">
         <path>E:\DSP\CCS6.0\ccsv6\tools\compiler\c2000_6.2.5\lib\</path>
         <kind>archive</kind>
         <file>rts2800_fpu32.lib</file>
         <name>strcat.obj</name>
      </input_file>
      <input_file id="fl-35">
         <path>E:\DSP\CCS6.0\ccsv6\tools\compiler\c2000_6.2.5\lib\</path>
         <kind>archive</kind>
         <file>rts2800_fpu32.lib</file>
         <name>strlen.obj</name>
      </input_file>
      <input_file id="fl-36">
         <path>E:\DSP\CCS6.0\ccsv6\tools\compiler\c2000_6.2.5\lib\</path>
         <kind>archive</kind>
         <file>rts2800_fpu32.lib</file>
         <name>u_div.obj</name>
      </input_file>
      <input_file id="fl-37">
         <path>E:\DSP\CCS6.0\ccsv6\tools\compiler\c2000_6.2.5\lib\</path>
         <kind>archive</kind>
         <file>rts2800_fpu32.lib</file>
         <name>_lock.obj</name>
      </input_file>
      <input_file id="fl-38">
         <path>E:\DSP\CCS6.0\ccsv6\tools\compiler\c2000_6.2.5\lib\</path>
         <kind>archive</kind>
         <file>rts2800_fpu32.lib</file>
         <name>args_main.obj</name>
      </input_file>
   </input_file_list>
   <object_component_list>
      <object_component id="oc-b3">
         <name>PieVectTableFile</name>
         <uninitialized>true</uninitialized>
         <run_address>0xd00</run_address>
         <size>0x100</size>
         <input_file_ref idref="fl-e"/>
      </object_component>
      <object_component id="oc-af">
         <name>DevEmuRegsFile</name>
         <uninitialized>true</uninitialized>
         <run_address>0x880</run_address>
         <size>0xd0</size>
         <input_file_ref idref="fl-e"/>
      </object_component>
      <object_component id="oc-85">
         <name>FlashRegsFile</name>
         <uninitialized>true</uninitialized>
         <run_address>0xa80</run_address>
         <size>0x8</size>
         <input_file_ref idref="fl-e"/>
      </object_component>
      <object_component id="oc-8d">
         <name>CsmRegsFile</name>
         <uninitialized>true</uninitialized>
         <run_address>0xae0</run_address>
         <size>0x10</size>
         <input_file_ref idref="fl-e"/>
      </object_component>
      <object_component id="oc-8e">
         <name>AdcMirrorFile</name>
         <uninitialized>true</uninitialized>
         <run_address>0xb00</run_address>
         <size>0x10</size>
         <input_file_ref idref="fl-e"/>
      </object_component>
      <object_component id="oc-92">
         <name>XintfRegsFile</name>
         <uninitialized>true</uninitialized>
         <run_address>0xb20</run_address>
         <size>0x1e</size>
         <input_file_ref idref="fl-e"/>
      </object_component>
      <object_component id="oc-86">
         <name>CpuTimer0RegsFile</name>
         <uninitialized>true</uninitialized>
         <run_address>0xc00</run_address>
         <size>0x8</size>
         <input_file_ref idref="fl-e"/>
      </object_component>
      <object_component id="oc-87">
         <name>CpuTimer1RegsFile</name>
         <uninitialized>true</uninitialized>
         <run_address>0xc08</run_address>
         <size>0x8</size>
         <input_file_ref idref="fl-e"/>
      </object_component>
      <object_component id="oc-83">
         <name>CpuTimer2RegsFile</name>
         <uninitialized>true</uninitialized>
         <run_address>0xc10</run_address>
         <size>0x8</size>
         <input_file_ref idref="fl-e"/>
      </object_component>
      <object_component id="oc-90">
         <name>PieCtrlRegsFile</name>
         <uninitialized>true</uninitialized>
         <run_address>0xce0</run_address>
         <size>0x1a</size>
         <input_file_ref idref="fl-e"/>
      </object_component>
      <object_component id="oc-b0">
         <name>DmaRegsFile</name>
         <uninitialized>true</uninitialized>
         <run_address>0x1000</run_address>
         <size>0xe0</size>
         <input_file_ref idref="fl-e"/>
      </object_component>
      <object_component id="oc-a3">
         <name>McbspaRegsFile</name>
         <uninitialized>true</uninitialized>
         <run_address>0x5000</run_address>
         <size>0x25</size>
         <input_file_ref idref="fl-e"/>
      </object_component>
      <object_component id="oc-a2">
         <name>McbspbRegsFile</name>
         <uninitialized>true</uninitialized>
         <run_address>0x5040</run_address>
         <size>0x25</size>
         <input_file_ref idref="fl-e"/>
      </object_component>
      <object_component id="oc-a5">
         <name>ECanaRegsFile</name>
         <uninitialized>true</uninitialized>
         <run_address>0x6000</run_address>
         <size>0x34</size>
         <input_file_ref idref="fl-e"/>
      </object_component>
      <object_component id="oc-a9">
         <name>ECanaLAMRegsFile</name>
         <uninitialized>true</uninitialized>
         <run_address>0x6040</run_address>
         <size>0x40</size>
         <input_file_ref idref="fl-e"/>
      </object_component>
      <object_component id="oc-b2">
         <name>ECanaMboxesFile</name>
         <uninitialized>true</uninitialized>
         <run_address>0x6100</run_address>
         <size>0x100</size>
         <input_file_ref idref="fl-e"/>
      </object_component>
      <object_component id="oc-aa">
         <name>ECanaMOTSRegsFile</name>
         <uninitialized>true</uninitialized>
         <run_address>0x6080</run_address>
         <size>0x40</size>
         <input_file_ref idref="fl-e"/>
      </object_component>
      <object_component id="oc-a7">
         <name>ECanaMOTORegsFile</name>
         <uninitialized>true</uninitialized>
         <run_address>0x60c0</run_address>
         <size>0x40</size>
         <input_file_ref idref="fl-e"/>
      </object_component>
      <object_component id="oc-a6">
         <name>ECanbRegsFile</name>
         <uninitialized>true</uninitialized>
         <run_address>0x6200</run_address>
         <size>0x34</size>
         <input_file_ref idref="fl-e"/>
      </object_component>
      <object_component id="oc-ae">
         <name>ECanbLAMRegsFile</name>
         <uninitialized>true</uninitialized>
         <run_address>0x6240</run_address>
         <size>0x40</size>
         <input_file_ref idref="fl-e"/>
      </object_component>
      <object_component id="oc-b1">
         <name>ECanbMboxesFile</name>
         <uninitialized>true</uninitialized>
         <run_address>0x6300</run_address>
         <size>0x100</size>
         <input_file_ref idref="fl-e"/>
      </object_component>
      <object_component id="oc-a8">
         <name>ECanbMOTSRegsFile</name>
         <uninitialized>true</uninitialized>
         <run_address>0x6280</run_address>
         <size>0x40</size>
         <input_file_ref idref="fl-e"/>
      </object_component>
      <object_component id="oc-ab">
         <name>ECanbMOTORegsFile</name>
         <uninitialized>true</uninitialized>
         <run_address>0x62c0</run_address>
         <size>0x40</size>
         <input_file_ref idref="fl-e"/>
      </object_component>
      <object_component id="oc-a0">
         <name>EPwm1RegsFile</name>
         <uninitialized>true</uninitialized>
         <run_address>0x6800</run_address>
         <size>0x22</size>
         <input_file_ref idref="fl-e"/>
      </object_component>
      <object_component id="oc-9b">
         <name>EPwm2RegsFile</name>
         <uninitialized>true</uninitialized>
         <run_address>0x6840</run_address>
         <size>0x22</size>
         <input_file_ref idref="fl-e"/>
      </object_component>
      <object_component id="oc-9c">
         <name>EPwm3RegsFile</name>
         <uninitialized>true</uninitialized>
         <run_address>0x6880</run_address>
         <size>0x22</size>
         <input_file_ref idref="fl-e"/>
      </object_component>
      <object_component id="oc-a1">
         <name>EPwm4RegsFile</name>
         <uninitialized>true</uninitialized>
         <run_address>0x68c0</run_address>
         <size>0x22</size>
         <input_file_ref idref="fl-e"/>
      </object_component>
      <object_component id="oc-9e">
         <name>EPwm5RegsFile</name>
         <uninitialized>true</uninitialized>
         <run_address>0x6900</run_address>
         <size>0x22</size>
         <input_file_ref idref="fl-e"/>
      </object_component>
      <object_component id="oc-9f">
         <name>EPwm6RegsFile</name>
         <uninitialized>true</uninitialized>
         <run_address>0x6940</run_address>
         <size>0x22</size>
         <input_file_ref idref="fl-e"/>
      </object_component>
      <object_component id="oc-95">
         <name>ECap1RegsFile</name>
         <uninitialized>true</uninitialized>
         <run_address>0x6a00</run_address>
         <size>0x20</size>
         <input_file_ref idref="fl-e"/>
      </object_component>
      <object_component id="oc-96">
         <name>ECap2RegsFile</name>
         <uninitialized>true</uninitialized>
         <run_address>0x6a20</run_address>
         <size>0x20</size>
         <input_file_ref idref="fl-e"/>
      </object_component>
      <object_component id="oc-93">
         <name>ECap3RegsFile</name>
         <uninitialized>true</uninitialized>
         <run_address>0x6a40</run_address>
         <size>0x20</size>
         <input_file_ref idref="fl-e"/>
      </object_component>
      <object_component id="oc-94">
         <name>ECap4RegsFile</name>
         <uninitialized>true</uninitialized>
         <run_address>0x6a60</run_address>
         <size>0x20</size>
         <input_file_ref idref="fl-e"/>
      </object_component>
      <object_component id="oc-99">
         <name>ECap5RegsFile</name>
         <uninitialized>true</uninitialized>
         <run_address>0x6a80</run_address>
         <size>0x20</size>
         <input_file_ref idref="fl-e"/>
      </object_component>
      <object_component id="oc-9a">
         <name>ECap6RegsFile</name>
         <uninitialized>true</uninitialized>
         <run_address>0x6aa0</run_address>
         <size>0x20</size>
         <input_file_ref idref="fl-e"/>
      </object_component>
      <object_component id="oc-ac">
         <name>EQep1RegsFile</name>
         <uninitialized>true</uninitialized>
         <run_address>0x6b00</run_address>
         <size>0x40</size>
         <input_file_ref idref="fl-e"/>
      </object_component>
      <object_component id="oc-ad">
         <name>EQep2RegsFile</name>
         <uninitialized>true</uninitialized>
         <run_address>0x6b40</run_address>
         <size>0x40</size>
         <input_file_ref idref="fl-e"/>
      </object_component>
      <object_component id="oc-a4">
         <name>GpioCtrlRegsFile</name>
         <uninitialized>true</uninitialized>
         <run_address>0x6f80</run_address>
         <size>0x2e</size>
         <input_file_ref idref="fl-e"/>
      </object_component>
      <object_component id="oc-97">
         <name>GpioDataRegsFile</name>
         <uninitialized>true</uninitialized>
         <run_address>0x6fc0</run_address>
         <size>0x20</size>
         <input_file_ref idref="fl-e"/>
      </object_component>
      <object_component id="oc-88">
         <name>GpioIntRegsFile</name>
         <uninitialized>true</uninitialized>
         <run_address>0x6fe0</run_address>
         <size>0xa</size>
         <input_file_ref idref="fl-e"/>
      </object_component>
      <object_component id="oc-98">
         <name>SysCtrlRegsFile</name>
         <uninitialized>true</uninitialized>
         <run_address>0x7010</run_address>
         <size>0x20</size>
         <input_file_ref idref="fl-e"/>
      </object_component>
      <object_component id="oc-89">
         <name>SpiaRegsFile</name>
         <uninitialized>true</uninitialized>
         <run_address>0x7040</run_address>
         <size>0x10</size>
         <input_file_ref idref="fl-e"/>
      </object_component>
      <object_component id="oc-8c">
         <name>SciaRegsFile</name>
         <uninitialized>true</uninitialized>
         <run_address>0x7050</run_address>
         <size>0x10</size>
         <input_file_ref idref="fl-e"/>
      </object_component>
      <object_component id="oc-8f">
         <name>XIntruptRegsFile</name>
         <uninitialized>true</uninitialized>
         <run_address>0x7070</run_address>
         <size>0x10</size>
         <input_file_ref idref="fl-e"/>
      </object_component>
      <object_component id="oc-91">
         <name>AdcRegsFile</name>
         <uninitialized>true</uninitialized>
         <run_address>0x7100</run_address>
         <size>0x1e</size>
         <input_file_ref idref="fl-e"/>
      </object_component>
      <object_component id="oc-8a">
         <name>ScibRegsFile</name>
         <uninitialized>true</uninitialized>
         <run_address>0x7750</run_address>
         <size>0x10</size>
         <input_file_ref idref="fl-e"/>
      </object_component>
      <object_component id="oc-8b">
         <name>ScicRegsFile</name>
         <uninitialized>true</uninitialized>
         <run_address>0x7770</run_address>
         <size>0x10</size>
         <input_file_ref idref="fl-e"/>
      </object_component>
      <object_component id="oc-9d">
         <name>I2caRegsFile</name>
         <uninitialized>true</uninitialized>
         <run_address>0x7900</run_address>
         <size>0x22</size>
         <input_file_ref idref="fl-e"/>
      </object_component>
      <object_component id="oc-84">
         <name>CsmPwlFile</name>
         <uninitialized>true</uninitialized>
         <run_address>0x33fff8</run_address>
         <size>0x8</size>
         <input_file_ref idref="fl-e"/>
      </object_component>
      <object_component id="oc-82">
         <name>PartIdRegsFile</name>
         <uninitialized>true</uninitialized>
         <run_address>0x380090</run_address>
         <size>0x1</size>
         <input_file_ref idref="fl-e"/>
      </object_component>
      <object_component id="oc-4d">
         <name>.cinit</name>
         <load_address>0x339fa2</load_address>
         <run_address>0x339fa2</run_address>
         <size>0x189</size>
         <input_file_ref idref="fl-2"/>
      </object_component>
      <object_component id="oc-10e">
         <name>.cinit</name>
         <load_address>0x33a12b</load_address>
         <run_address>0x33a12b</run_address>
         <size>0xa</size>
         <input_file_ref idref="fl-37"/>
      </object_component>
      <object_component id="oc-f0">
         <name>.cinit</name>
         <load_address>0x33a135</load_address>
         <run_address>0x33a135</run_address>
         <size>0xa</size>
         <input_file_ref idref="fl-30"/>
      </object_component>
      <object_component id="oc-119">
         <name>.text</name>
         <load_address>0x338000</load_address>
         <run_address>0x338000</run_address>
         <size>0x14a7</size>
         <input_file_ref idref="fl-2"/>
      </object_component>
      <object_component id="oc-ca">
         <name>.text:retain</name>
         <load_address>0x3394a7</load_address>
         <run_address>0x3394a7</run_address>
         <size>0x316</size>
         <input_file_ref idref="fl-14"/>
      </object_component>
      <object_component id="oc-4f">
         <name>.text:retain</name>
         <load_address>0x3397bd</load_address>
         <run_address>0x3397bd</run_address>
         <size>0x2f5</size>
         <input_file_ref idref="fl-2"/>
      </object_component>
      <object_component id="oc-11c">
         <name>.text</name>
         <load_address>0x339ab2</load_address>
         <run_address>0x339ab2</run_address>
         <size>0xf7</size>
         <input_file_ref idref="fl-5"/>
      </object_component>
      <object_component id="oc-11d">
         <name>.text</name>
         <load_address>0x339ba9</load_address>
         <run_address>0x339ba9</run_address>
         <size>0xc8</size>
         <input_file_ref idref="fl-10"/>
      </object_component>
      <object_component id="oc-f5">
         <name>.text</name>
         <load_address>0x339c71</load_address>
         <run_address>0x339c71</run_address>
         <size>0x88</size>
         <input_file_ref idref="fl-31"/>
      </object_component>
      <object_component id="oc-132">
         <name>.text</name>
         <load_address>0x339cf9</load_address>
         <run_address>0x339cf9</run_address>
         <size>0x74</size>
         <input_file_ref idref="fl-17"/>
      </object_component>
      <object_component id="oc-11e">
         <name>.text</name>
         <load_address>0x339d6d</load_address>
         <run_address>0x339d6d</run_address>
         <size>0x60</size>
         <input_file_ref idref="fl-11"/>
      </object_component>
      <object_component id="oc-11b">
         <name>.text</name>
         <load_address>0x339dcd</load_address>
         <run_address>0x339dcd</run_address>
         <size>0x48</size>
         <input_file_ref idref="fl-7"/>
      </object_component>
      <object_component id="oc-4b">
         <name>.text</name>
         <load_address>0x339e15</load_address>
         <run_address>0x339e15</run_address>
         <size>0x46</size>
         <input_file_ref idref="fl-2f"/>
      </object_component>
      <object_component id="oc-11f">
         <name>.text</name>
         <load_address>0x339e5b</load_address>
         <run_address>0x339e5b</run_address>
         <size>0x2a</size>
         <input_file_ref idref="fl-6"/>
      </object_component>
      <object_component id="oc-120">
         <name>.text</name>
         <load_address>0x339e85</load_address>
         <run_address>0x339e85</run_address>
         <size>0x28</size>
         <input_file_ref idref="fl-9"/>
      </object_component>
      <object_component id="oc-f9">
         <name>.text</name>
         <load_address>0x339ead</load_address>
         <run_address>0x339ead</run_address>
         <size>0x22</size>
         <input_file_ref idref="fl-32"/>
      </object_component>
      <object_component id="oc-126">
         <name>.text</name>
         <load_address>0x339ecf</load_address>
         <run_address>0x339ecf</run_address>
         <size>0x21</size>
         <input_file_ref idref="fl-33"/>
      </object_component>
      <object_component id="oc-121">
         <name>.text</name>
         <load_address>0x339ef0</load_address>
         <run_address>0x339ef0</run_address>
         <size>0x20</size>
         <input_file_ref idref="fl-8"/>
      </object_component>
      <object_component id="oc-117">
         <name>.text</name>
         <load_address>0x339f10</load_address>
         <run_address>0x339f10</run_address>
         <size>0x19</size>
         <input_file_ref idref="fl-38"/>
      </object_component>
      <object_component id="oc-118">
         <name>.text</name>
         <load_address>0x339f29</load_address>
         <run_address>0x339f29</run_address>
         <size>0x19</size>
         <input_file_ref idref="fl-30"/>
      </object_component>
      <object_component id="oc-122">
         <name>.text</name>
         <load_address>0x339f42</load_address>
         <run_address>0x339f42</run_address>
         <size>0x15</size>
         <input_file_ref idref="fl-a"/>
      </object_component>
      <object_component id="oc-124">
         <name>.text</name>
         <load_address>0x339f57</load_address>
         <run_address>0x339f57</run_address>
         <size>0x14</size>
         <input_file_ref idref="fl-1a"/>
      </object_component>
      <object_component id="oc-109">
         <name>.text</name>
         <load_address>0x339f6b</load_address>
         <run_address>0x339f6b</run_address>
         <size>0xb</size>
         <input_file_ref idref="fl-36"/>
      </object_component>
      <object_component id="oc-11a">
         <name>.text</name>
         <load_address>0x339f76</load_address>
         <run_address>0x339f76</run_address>
         <size>0x9</size>
         <input_file_ref idref="fl-37"/>
      </object_component>
      <object_component id="oc-131">
         <name>.text</name>
         <load_address>0x339f7f</load_address>
         <run_address>0x339f7f</run_address>
         <size>0x9</size>
         <input_file_ref idref="fl-34"/>
      </object_component>
      <object_component id="oc-db">
         <name>.text</name>
         <load_address>0x339f88</load_address>
         <run_address>0x339f88</run_address>
         <size>0x8</size>
         <input_file_ref idref="fl-18"/>
      </object_component>
      <object_component id="oc-130">
         <name>.text</name>
         <load_address>0x339f90</load_address>
         <run_address>0x339f90</run_address>
         <size>0x8</size>
         <input_file_ref idref="fl-35"/>
      </object_component>
      <object_component id="oc-c5">
         <name>.text</name>
         <load_address>0x339f98</load_address>
         <run_address>0x339f98</run_address>
         <size>0x7</size>
         <input_file_ref idref="fl-13"/>
      </object_component>
      <object_component id="oc-d2">
         <name>.text</name>
         <load_address>0x339f9f</load_address>
         <run_address>0x339f9f</run_address>
         <size>0x3</size>
         <input_file_ref idref="fl-16"/>
      </object_component>
      <object_component id="oc-dc">
         <name>codestart</name>
         <load_address>0x33fff6</load_address>
         <run_address>0x33fff6</run_address>
         <size>0x2</size>
         <input_file_ref idref="fl-18"/>
      </object_component>
      <object_component id="oc-123">
         <name>ramfuncs</name>
         <load_address>0x320000</load_address>
         <run_address>0x8000</run_address>
         <size>0x1b</size>
         <input_file_ref idref="fl-5"/>
      </object_component>
      <object_component id="oc-54">
         <name>ramfuncs</name>
         <load_address>0x32001b</load_address>
         <run_address>0x801b</run_address>
         <size>0x4</size>
         <input_file_ref idref="fl-3"/>
      </object_component>
      <object_component id="oc-e0">
         <name>csmpasswds</name>
         <load_address>0x33fff8</load_address>
         <run_address>0x33fff8</run_address>
         <size>0x8</size>
         <input_file_ref idref="fl-19"/>
      </object_component>
      <object_component id="oc-e1">
         <name>csm_rsvd</name>
         <load_address>0x33ff80</load_address>
         <run_address>0x33ff80</run_address>
         <size>0x76</size>
         <input_file_ref idref="fl-19"/>
      </object_component>
      <object_component id="oc-ea">
         <name>.stack</name>
         <uninitialized>true</uninitialized>
         <run_address>0x400</run_address>
         <size>0x0</size>
         <input_file_ref idref="fl-2f"/>
      </object_component>
      <object_component id="oc-185">
         <name>.stack</name>
         <uninitialized>true</uninitialized>
         <run_address>0x400</run_address>
         <size>0x0</size>
      </object_component>
      <object_component id="oc-4e">
         <name>.ebss</name>
         <uninitialized>true</uninitialized>
         <run_address>0xc000</run_address>
         <size>0xa80</size>
         <input_file_ref idref="fl-2"/>
      </object_component>
      <object_component id="oc-d7">
         <name>.ebss</name>
         <uninitialized>true</uninitialized>
         <run_address>0xca80</run_address>
         <size>0x18</size>
         <input_file_ref idref="fl-17"/>
      </object_component>
      <object_component id="oc-f1">
         <name>.ebss</name>
         <uninitialized>true</uninitialized>
         <run_address>0xca9c</run_address>
         <size>0x4</size>
         <input_file_ref idref="fl-30"/>
      </object_component>
      <object_component id="oc-10f">
         <name>.ebss</name>
         <uninitialized>true</uninitialized>
         <run_address>0xca98</run_address>
         <size>0x4</size>
         <input_file_ref idref="fl-37"/>
      </object_component>
      <object_component id="oc-69">
         <name>.econst</name>
         <load_address>0x33a142</load_address>
         <run_address>0x33a142</run_address>
         <size>0x100</size>
         <input_file_ref idref="fl-8"/>
      </object_component>
      <object_component id="oc-125">
         <name>.econst:.string:_$P$T0$1</name>
         <load_address>0x33a242</load_address>
         <run_address>0x33a242</run_address>
         <size>0x24</size>
         <input_file_ref idref="fl-2"/>
      </object_component>
      <object_component id="oc-127">
         <name>.econst:.string:_$P$T1$2</name>
         <load_address>0x33a266</load_address>
         <run_address>0x33a266</run_address>
         <size>0x21</size>
         <input_file_ref idref="fl-2"/>
      </object_component>
      <object_component id="oc-128">
         <name>.econst:.string:_$P$T2$3</name>
         <load_address>0x33a287</load_address>
         <run_address>0x33a287</run_address>
         <size>0x11</size>
         <input_file_ref idref="fl-2"/>
      </object_component>
      <object_component id="oc-129">
         <name>.econst:.string:_$P$T3$4</name>
         <load_address>0x33a298</load_address>
         <run_address>0x33a298</run_address>
         <size>0xc</size>
         <input_file_ref idref="fl-2"/>
      </object_component>
      <object_component id="oc-12d">
         <name>.econst:.string:_$P$T7$8</name>
         <load_address>0x33a2a4</load_address>
         <run_address>0x33a2a4</run_address>
         <size>0x7</size>
         <input_file_ref idref="fl-2"/>
      </object_component>
      <object_component id="oc-12f">
         <name>.econst:.string:_$P$T9$10</name>
         <load_address>0x33a2ab</load_address>
         <run_address>0x33a2ab</run_address>
         <size>0x7</size>
         <input_file_ref idref="fl-2"/>
      </object_component>
      <object_component id="oc-12a">
         <name>.econst:.string:_$P$T4$5</name>
         <load_address>0x33a2b2</load_address>
         <run_address>0x33a2b2</run_address>
         <size>0x6</size>
         <input_file_ref idref="fl-2"/>
      </object_component>
      <object_component id="oc-12b">
         <name>.econst:.string:_$P$T5$6</name>
         <load_address>0x33a2b8</load_address>
         <run_address>0x33a2b8</run_address>
         <size>0x6</size>
         <input_file_ref idref="fl-2"/>
      </object_component>
      <object_component id="oc-12c">
         <name>.econst:.string:_$P$T6$7</name>
         <load_address>0x33a2be</load_address>
         <run_address>0x33a2be</run_address>
         <size>0x6</size>
         <input_file_ref idref="fl-2"/>
      </object_component>
      <object_component id="oc-12e">
         <name>.econst:.string:_$P$T8$9</name>
         <load_address>0x33a2c4</load_address>
         <run_address>0x33a2c4</run_address>
         <size>0x6</size>
         <input_file_ref idref="fl-2"/>
      </object_component>
      <object_component id="oc-50">
         <name>.econst:.string</name>
         <load_address>0x33a2ca</load_address>
         <run_address>0x33a2ca</run_address>
         <size>0x3</size>
         <input_file_ref idref="fl-2"/>
      </object_component>
      <object_component id="oc-eb">
         <name>.reset</name>
         <load_address>0x3fffc0</load_address>
         <run_address>0x3fffc0</run_address>
         <size>0x2</size>
         <input_file_ref idref="fl-2f"/>
      </object_component>
      <object_component id="oc-e6">
         <name>.adc_cal</name>
         <load_address>0x380080</load_address>
         <run_address>0x380080</run_address>
         <size>0x7</size>
         <input_file_ref idref="fl-1b"/>
      </object_component>
      <object_component id="oc-4c">
         <name>.debug_info</name>
         <load_address>0x0</load_address>
         <run_address>0x0</run_address>
         <size>0xb6dd</size>
         <input_file_ref idref="fl-2"/>
      </object_component>
      <object_component id="oc-55">
         <name>.debug_info</name>
         <load_address>0xb6dd</load_address>
         <run_address>0xb6dd</run_address>
         <size>0xf2</size>
         <input_file_ref idref="fl-3"/>
      </object_component>
      <object_component id="oc-58">
         <name>.debug_info</name>
         <load_address>0xb7cf</load_address>
         <run_address>0xb7cf</run_address>
         <size>0x20d0</size>
         <input_file_ref idref="fl-4"/>
      </object_component>
      <object_component id="oc-5c">
         <name>.debug_info</name>
         <load_address>0xd89f</load_address>
         <run_address>0xd89f</run_address>
         <size>0x202b</size>
         <input_file_ref idref="fl-5"/>
      </object_component>
      <object_component id="oc-60">
         <name>.debug_info</name>
         <load_address>0xf8ca</load_address>
         <run_address>0xf8ca</run_address>
         <size>0x1c79</size>
         <input_file_ref idref="fl-6"/>
      </object_component>
      <object_component id="oc-64">
         <name>.debug_info</name>
         <load_address>0x11543</load_address>
         <run_address>0x11543</run_address>
         <size>0x1d67</size>
         <input_file_ref idref="fl-7"/>
      </object_component>
      <object_component id="oc-68">
         <name>.debug_info</name>
         <load_address>0x132aa</load_address>
         <run_address>0x132aa</run_address>
         <size>0x22a1</size>
         <input_file_ref idref="fl-8"/>
      </object_component>
      <object_component id="oc-6d">
         <name>.debug_info</name>
         <load_address>0x1554b</load_address>
         <run_address>0x1554b</run_address>
         <size>0xb3d</size>
         <input_file_ref idref="fl-9"/>
      </object_component>
      <object_component id="oc-71">
         <name>.debug_info</name>
         <load_address>0x16088</load_address>
         <run_address>0x16088</run_address>
         <size>0x476</size>
         <input_file_ref idref="fl-a"/>
      </object_component>
      <object_component id="oc-75">
         <name>.debug_info</name>
         <load_address>0x164fe</load_address>
         <run_address>0x164fe</run_address>
         <size>0x485c</size>
         <input_file_ref idref="fl-b"/>
      </object_component>
      <object_component id="oc-79">
         <name>.debug_info</name>
         <load_address>0x1ad5a</load_address>
         <run_address>0x1ad5a</run_address>
         <size>0x1b48</size>
         <input_file_ref idref="fl-c"/>
      </object_component>
      <object_component id="oc-7d">
         <name>.debug_info</name>
         <load_address>0x1c8a2</load_address>
         <run_address>0x1c8a2</run_address>
         <size>0x1b49</size>
         <input_file_ref idref="fl-d"/>
      </object_component>
      <object_component id="oc-81">
         <name>.debug_info</name>
         <load_address>0x1e3eb</load_address>
         <run_address>0x1e3eb</run_address>
         <size>0x12ef2</size>
         <input_file_ref idref="fl-e"/>
      </object_component>
      <object_component id="oc-b5">
         <name>.debug_info</name>
         <load_address>0x312dd</load_address>
         <run_address>0x312dd</run_address>
         <size>0x1b49</size>
         <input_file_ref idref="fl-f"/>
      </object_component>
      <object_component id="oc-b9">
         <name>.debug_info</name>
         <load_address>0x32e26</load_address>
         <run_address>0x32e26</run_address>
         <size>0x1fc3</size>
         <input_file_ref idref="fl-10"/>
      </object_component>
      <object_component id="oc-bd">
         <name>.debug_info</name>
         <load_address>0x34de9</load_address>
         <run_address>0x34de9</run_address>
         <size>0x1ef3</size>
         <input_file_ref idref="fl-11"/>
      </object_component>
      <object_component id="oc-c1">
         <name>.debug_info</name>
         <load_address>0x36cdc</load_address>
         <run_address>0x36cdc</run_address>
         <size>0x5c3f</size>
         <input_file_ref idref="fl-12"/>
      </object_component>
      <object_component id="oc-c6">
         <name>.debug_info</name>
         <load_address>0x3c91b</load_address>
         <run_address>0x3c91b</run_address>
         <size>0xf6</size>
         <input_file_ref idref="fl-13"/>
      </object_component>
      <object_component id="oc-c9">
         <name>.debug_info</name>
         <load_address>0x3ca11</load_address>
         <run_address>0x3ca11</run_address>
         <size>0x2462</size>
         <input_file_ref idref="fl-14"/>
      </object_component>
      <object_component id="oc-ce">
         <name>.debug_info</name>
         <load_address>0x3ee73</load_address>
         <run_address>0x3ee73</run_address>
         <size>0x16c4</size>
         <input_file_ref idref="fl-15"/>
      </object_component>
      <object_component id="oc-d3">
         <name>.debug_info</name>
         <load_address>0x40537</load_address>
         <run_address>0x40537</run_address>
         <size>0xf0</size>
         <input_file_ref idref="fl-16"/>
      </object_component>
      <object_component id="oc-d6">
         <name>.debug_info</name>
         <load_address>0x40627</load_address>
         <run_address>0x40627</run_address>
         <size>0x989</size>
         <input_file_ref idref="fl-17"/>
      </object_component>
      <object_component id="oc-dd">
         <name>.debug_info</name>
         <load_address>0x40fb0</load_address>
         <run_address>0x40fb0</run_address>
         <size>0x136</size>
         <input_file_ref idref="fl-18"/>
      </object_component>
      <object_component id="oc-e2">
         <name>.debug_info</name>
         <load_address>0x410e6</load_address>
         <run_address>0x410e6</run_address>
         <size>0x1e5d</size>
         <input_file_ref idref="fl-1a"/>
      </object_component>
      <object_component id="oc-e7">
         <name>.debug_info</name>
         <load_address>0x42f43</load_address>
         <run_address>0x42f43</run_address>
         <size>0xf2</size>
         <input_file_ref idref="fl-1b"/>
      </object_component>
      <object_component id="oc-ec">
         <name>.debug_info</name>
         <load_address>0x43035</load_address>
         <run_address>0x43035</run_address>
         <size>0xde</size>
         <input_file_ref idref="fl-2f"/>
      </object_component>
      <object_component id="oc-ef">
         <name>.debug_info</name>
         <load_address>0x43113</load_address>
         <run_address>0x43113</run_address>
         <size>0x488</size>
         <input_file_ref idref="fl-30"/>
      </object_component>
      <object_component id="oc-f6">
         <name>.debug_info</name>
         <load_address>0x4359b</load_address>
         <run_address>0x4359b</run_address>
         <size>0xc0</size>
         <input_file_ref idref="fl-31"/>
      </object_component>
      <object_component id="oc-fa">
         <name>.debug_info</name>
         <load_address>0x4365b</load_address>
         <run_address>0x4365b</run_address>
         <size>0xeb</size>
         <input_file_ref idref="fl-32"/>
      </object_component>
      <object_component id="oc-fd">
         <name>.debug_info</name>
         <load_address>0x43746</load_address>
         <run_address>0x43746</run_address>
         <size>0x455</size>
         <input_file_ref idref="fl-33"/>
      </object_component>
      <object_component id="oc-101">
         <name>.debug_info</name>
         <load_address>0x43b9b</load_address>
         <run_address>0x43b9b</run_address>
         <size>0x453</size>
         <input_file_ref idref="fl-34"/>
      </object_component>
      <object_component id="oc-105">
         <name>.debug_info</name>
         <load_address>0x43fee</load_address>
         <run_address>0x43fee</run_address>
         <size>0x418</size>
         <input_file_ref idref="fl-35"/>
      </object_component>
      <object_component id="oc-10a">
         <name>.debug_info</name>
         <load_address>0x44406</load_address>
         <run_address>0x44406</run_address>
         <size>0xeb</size>
         <input_file_ref idref="fl-36"/>
      </object_component>
      <object_component id="oc-10d">
         <name>.debug_info</name>
         <load_address>0x444f1</load_address>
         <run_address>0x444f1</run_address>
         <size>0x4ae</size>
         <input_file_ref idref="fl-37"/>
      </object_component>
      <object_component id="oc-113">
         <name>.debug_info</name>
         <load_address>0x4499f</load_address>
         <run_address>0x4499f</run_address>
         <size>0x46f</size>
         <input_file_ref idref="fl-38"/>
      </object_component>
      <object_component id="oc-186">
         <name>.debug_info</name>
         <load_address>0x44e0e</load_address>
         <run_address>0x44e0e</run_address>
         <size>0x6f</size>
      </object_component>
      <object_component id="oc-51">
         <name>.debug_frame</name>
         <load_address>0x0</load_address>
         <run_address>0x0</run_address>
         <size>0x90c</size>
         <input_file_ref idref="fl-2"/>
      </object_component>
      <object_component id="oc-59">
         <name>.debug_frame</name>
         <load_address>0x90c</load_address>
         <run_address>0x90c</run_address>
         <size>0x8e</size>
         <input_file_ref idref="fl-4"/>
      </object_component>
      <object_component id="oc-5d">
         <name>.debug_frame</name>
         <load_address>0x99a</load_address>
         <run_address>0x99a</run_address>
         <size>0x144</size>
         <input_file_ref idref="fl-5"/>
      </object_component>
      <object_component id="oc-61">
         <name>.debug_frame</name>
         <load_address>0xade</load_address>
         <run_address>0xade</run_address>
         <size>0xd6</size>
         <input_file_ref idref="fl-6"/>
      </object_component>
      <object_component id="oc-65">
         <name>.debug_frame</name>
         <load_address>0xbb4</load_address>
         <run_address>0xbb4</run_address>
         <size>0x106</size>
         <input_file_ref idref="fl-7"/>
      </object_component>
      <object_component id="oc-6a">
         <name>.debug_frame</name>
         <load_address>0xcba</load_address>
         <run_address>0xcba</run_address>
         <size>0xac</size>
         <input_file_ref idref="fl-8"/>
      </object_component>
      <object_component id="oc-6e">
         <name>.debug_frame</name>
         <load_address>0xd66</load_address>
         <run_address>0xd66</run_address>
         <size>0xbe</size>
         <input_file_ref idref="fl-9"/>
      </object_component>
      <object_component id="oc-72">
         <name>.debug_frame</name>
         <load_address>0xe24</load_address>
         <run_address>0xe24</run_address>
         <size>0xac</size>
         <input_file_ref idref="fl-a"/>
      </object_component>
      <object_component id="oc-76">
         <name>.debug_frame</name>
         <load_address>0xed0</load_address>
         <run_address>0xed0</run_address>
         <size>0x8e</size>
         <input_file_ref idref="fl-b"/>
      </object_component>
      <object_component id="oc-7a">
         <name>.debug_frame</name>
         <load_address>0xf5e</load_address>
         <run_address>0xf5e</run_address>
         <size>0x8e</size>
         <input_file_ref idref="fl-c"/>
      </object_component>
      <object_component id="oc-7e">
         <name>.debug_frame</name>
         <load_address>0xfec</load_address>
         <run_address>0xfec</run_address>
         <size>0x8e</size>
         <input_file_ref idref="fl-d"/>
      </object_component>
      <object_component id="oc-b6">
         <name>.debug_frame</name>
         <load_address>0x107a</load_address>
         <run_address>0x107a</run_address>
         <size>0x8e</size>
         <input_file_ref idref="fl-f"/>
      </object_component>
      <object_component id="oc-ba">
         <name>.debug_frame</name>
         <load_address>0x1108</load_address>
         <run_address>0x1108</run_address>
         <size>0x17e</size>
         <input_file_ref idref="fl-10"/>
      </object_component>
      <object_component id="oc-be">
         <name>.debug_frame</name>
         <load_address>0x1286</load_address>
         <run_address>0x1286</run_address>
         <size>0x14e</size>
         <input_file_ref idref="fl-11"/>
      </object_component>
      <object_component id="oc-c2">
         <name>.debug_frame</name>
         <load_address>0x13d4</load_address>
         <run_address>0x13d4</run_address>
         <size>0x8e</size>
         <input_file_ref idref="fl-12"/>
      </object_component>
      <object_component id="oc-cb">
         <name>.debug_frame</name>
         <load_address>0x1462</load_address>
         <run_address>0x1462</run_address>
         <size>0xce6</size>
         <input_file_ref idref="fl-14"/>
      </object_component>
      <object_component id="oc-cf">
         <name>.debug_frame</name>
         <load_address>0x2148</load_address>
         <run_address>0x2148</run_address>
         <size>0x8e</size>
         <input_file_ref idref="fl-15"/>
      </object_component>
      <object_component id="oc-d8">
         <name>.debug_frame</name>
         <load_address>0x21d6</load_address>
         <run_address>0x21d6</run_address>
         <size>0xc4</size>
         <input_file_ref idref="fl-17"/>
      </object_component>
      <object_component id="oc-e3">
         <name>.debug_frame</name>
         <load_address>0x229a</load_address>
         <run_address>0x229a</run_address>
         <size>0xa6</size>
         <input_file_ref idref="fl-1a"/>
      </object_component>
      <object_component id="oc-f2">
         <name>.debug_frame</name>
         <load_address>0x2340</load_address>
         <run_address>0x2340</run_address>
         <size>0xc7</size>
         <input_file_ref idref="fl-30"/>
      </object_component>
      <object_component id="oc-fe">
         <name>.debug_frame</name>
         <load_address>0x2407</load_address>
         <run_address>0x2407</run_address>
         <size>0xa6</size>
         <input_file_ref idref="fl-33"/>
      </object_component>
      <object_component id="oc-102">
         <name>.debug_frame</name>
         <load_address>0x24ad</load_address>
         <run_address>0x24ad</run_address>
         <size>0xa6</size>
         <input_file_ref idref="fl-34"/>
      </object_component>
      <object_component id="oc-106">
         <name>.debug_frame</name>
         <load_address>0x2553</load_address>
         <run_address>0x2553</run_address>
         <size>0xa6</size>
         <input_file_ref idref="fl-35"/>
      </object_component>
      <object_component id="oc-110">
         <name>.debug_frame</name>
         <load_address>0x25f9</load_address>
         <run_address>0x25f9</run_address>
         <size>0xd6</size>
         <input_file_ref idref="fl-37"/>
      </object_component>
      <object_component id="oc-114">
         <name>.debug_frame</name>
         <load_address>0x26cf</load_address>
         <run_address>0x26cf</run_address>
         <size>0xa6</size>
         <input_file_ref idref="fl-38"/>
      </object_component>
      <object_component id="oc-52">
         <name>.debug_line</name>
         <load_address>0x0</load_address>
         <run_address>0x0</run_address>
         <size>0xfa2</size>
         <input_file_ref idref="fl-2"/>
      </object_component>
      <object_component id="oc-56">
         <name>.debug_line</name>
         <load_address>0xfa2</load_address>
         <run_address>0xfa2</run_address>
         <size>0x4c</size>
         <input_file_ref idref="fl-3"/>
      </object_component>
      <object_component id="oc-5a">
         <name>.debug_line</name>
         <load_address>0xfee</load_address>
         <run_address>0xfee</run_address>
         <size>0x38</size>
         <input_file_ref idref="fl-4"/>
      </object_component>
      <object_component id="oc-5e">
         <name>.debug_line</name>
         <load_address>0x1026</load_address>
         <run_address>0x1026</run_address>
         <size>0x169</size>
         <input_file_ref idref="fl-5"/>
      </object_component>
      <object_component id="oc-62">
         <name>.debug_line</name>
         <load_address>0x118f</load_address>
         <run_address>0x118f</run_address>
         <size>0x84</size>
         <input_file_ref idref="fl-6"/>
      </object_component>
      <object_component id="oc-66">
         <name>.debug_line</name>
         <load_address>0x1213</load_address>
         <run_address>0x1213</run_address>
         <size>0xcd</size>
         <input_file_ref idref="fl-7"/>
      </object_component>
      <object_component id="oc-6b">
         <name>.debug_line</name>
         <load_address>0x12e0</load_address>
         <run_address>0x12e0</run_address>
         <size>0x6c</size>
         <input_file_ref idref="fl-8"/>
      </object_component>
      <object_component id="oc-6f">
         <name>.debug_line</name>
         <load_address>0x134c</load_address>
         <run_address>0x134c</run_address>
         <size>0x8a</size>
         <input_file_ref idref="fl-9"/>
      </object_component>
      <object_component id="oc-73">
         <name>.debug_line</name>
         <load_address>0x13d6</load_address>
         <run_address>0x13d6</run_address>
         <size>0x5b</size>
         <input_file_ref idref="fl-a"/>
      </object_component>
      <object_component id="oc-77">
         <name>.debug_line</name>
         <load_address>0x1431</load_address>
         <run_address>0x1431</run_address>
         <size>0x38</size>
         <input_file_ref idref="fl-b"/>
      </object_component>
      <object_component id="oc-7b">
         <name>.debug_line</name>
         <load_address>0x1469</load_address>
         <run_address>0x1469</run_address>
         <size>0x36</size>
         <input_file_ref idref="fl-c"/>
      </object_component>
      <object_component id="oc-7f">
         <name>.debug_line</name>
         <load_address>0x149f</load_address>
         <run_address>0x149f</run_address>
         <size>0x37</size>
         <input_file_ref idref="fl-d"/>
      </object_component>
      <object_component id="oc-b7">
         <name>.debug_line</name>
         <load_address>0x14d6</load_address>
         <run_address>0x14d6</run_address>
         <size>0x37</size>
         <input_file_ref idref="fl-f"/>
      </object_component>
      <object_component id="oc-bb">
         <name>.debug_line</name>
         <load_address>0x150d</load_address>
         <run_address>0x150d</run_address>
         <size>0x16c</size>
         <input_file_ref idref="fl-10"/>
      </object_component>
      <object_component id="oc-bf">
         <name>.debug_line</name>
         <load_address>0x1679</load_address>
         <run_address>0x1679</run_address>
         <size>0x116</size>
         <input_file_ref idref="fl-11"/>
      </object_component>
      <object_component id="oc-c3">
         <name>.debug_line</name>
         <load_address>0x178f</load_address>
         <run_address>0x178f</run_address>
         <size>0x37</size>
         <input_file_ref idref="fl-12"/>
      </object_component>
      <object_component id="oc-c7">
         <name>.debug_line</name>
         <load_address>0x17c6</load_address>
         <run_address>0x17c6</run_address>
         <size>0x4f</size>
         <input_file_ref idref="fl-13"/>
      </object_component>
      <object_component id="oc-cc">
         <name>.debug_line</name>
         <load_address>0x1815</load_address>
         <run_address>0x1815</run_address>
         <size>0x752</size>
         <input_file_ref idref="fl-14"/>
      </object_component>
      <object_component id="oc-d0">
         <name>.debug_line</name>
         <load_address>0x1f67</load_address>
         <run_address>0x1f67</run_address>
         <size>0x36</size>
         <input_file_ref idref="fl-15"/>
      </object_component>
      <object_component id="oc-d4">
         <name>.debug_line</name>
         <load_address>0x1f9d</load_address>
         <run_address>0x1f9d</run_address>
         <size>0x4b</size>
         <input_file_ref idref="fl-16"/>
      </object_component>
      <object_component id="oc-d9">
         <name>.debug_line</name>
         <load_address>0x1fe8</load_address>
         <run_address>0x1fe8</run_address>
         <size>0x88</size>
         <input_file_ref idref="fl-17"/>
      </object_component>
      <object_component id="oc-de">
         <name>.debug_line</name>
         <load_address>0x2070</load_address>
         <run_address>0x2070</run_address>
         <size>0x65</size>
         <input_file_ref idref="fl-18"/>
      </object_component>
      <object_component id="oc-e4">
         <name>.debug_line</name>
         <load_address>0x20d5</load_address>
         <run_address>0x20d5</run_address>
         <size>0x55</size>
         <input_file_ref idref="fl-1a"/>
      </object_component>
      <object_component id="oc-e8">
         <name>.debug_line</name>
         <load_address>0x212a</load_address>
         <run_address>0x212a</run_address>
         <size>0x4d</size>
         <input_file_ref idref="fl-1b"/>
      </object_component>
      <object_component id="oc-ed">
         <name>.debug_line</name>
         <load_address>0x2177</load_address>
         <run_address>0x2177</run_address>
         <size>0x71</size>
         <input_file_ref idref="fl-2f"/>
      </object_component>
      <object_component id="oc-f3">
         <name>.debug_line</name>
         <load_address>0x21e8</load_address>
         <run_address>0x21e8</run_address>
         <size>0x62</size>
         <input_file_ref idref="fl-30"/>
      </object_component>
      <object_component id="oc-f7">
         <name>.debug_line</name>
         <load_address>0x224a</load_address>
         <run_address>0x224a</run_address>
         <size>0xaa</size>
         <input_file_ref idref="fl-31"/>
      </object_component>
      <object_component id="oc-fb">
         <name>.debug_line</name>
         <load_address>0x22f4</load_address>
         <run_address>0x22f4</run_address>
         <size>0x66</size>
         <input_file_ref idref="fl-32"/>
      </object_component>
      <object_component id="oc-ff">
         <name>.debug_line</name>
         <load_address>0x235a</load_address>
         <run_address>0x235a</run_address>
         <size>0x5c</size>
         <input_file_ref idref="fl-33"/>
      </object_component>
      <object_component id="oc-103">
         <name>.debug_line</name>
         <load_address>0x23b6</load_address>
         <run_address>0x23b6</run_address>
         <size>0x5d</size>
         <input_file_ref idref="fl-34"/>
      </object_component>
      <object_component id="oc-107">
         <name>.debug_line</name>
         <load_address>0x2413</load_address>
         <run_address>0x2413</run_address>
         <size>0x5a</size>
         <input_file_ref idref="fl-35"/>
      </object_component>
      <object_component id="oc-10b">
         <name>.debug_line</name>
         <load_address>0x246d</load_address>
         <run_address>0x246d</run_address>
         <size>0x4c</size>
         <input_file_ref idref="fl-36"/>
      </object_component>
      <object_component id="oc-111">
         <name>.debug_line</name>
         <load_address>0x24b9</load_address>
         <run_address>0x24b9</run_address>
         <size>0x5b</size>
         <input_file_ref idref="fl-37"/>
      </object_component>
      <object_component id="oc-115">
         <name>.debug_line</name>
         <load_address>0x2514</load_address>
         <run_address>0x2514</run_address>
         <size>0x50</size>
         <input_file_ref idref="fl-38"/>
      </object_component>
      <object_component id="oc-53">
         <name>.debug_abbrev</name>
         <load_address>0x0</load_address>
         <run_address>0x0</run_address>
         <size>0x287</size>
         <input_file_ref idref="fl-2"/>
      </object_component>
      <object_component id="oc-57">
         <name>.debug_abbrev</name>
         <load_address>0x287</load_address>
         <run_address>0x287</run_address>
         <size>0x2c</size>
         <input_file_ref idref="fl-3"/>
      </object_component>
      <object_component id="oc-5b">
         <name>.debug_abbrev</name>
         <load_address>0x2b3</load_address>
         <run_address>0x2b3</run_address>
         <size>0xdb</size>
         <input_file_ref idref="fl-4"/>
      </object_component>
      <object_component id="oc-5f">
         <name>.debug_abbrev</name>
         <load_address>0x38e</load_address>
         <run_address>0x38e</run_address>
         <size>0x166</size>
         <input_file_ref idref="fl-5"/>
      </object_component>
      <object_component id="oc-63">
         <name>.debug_abbrev</name>
         <load_address>0x4f4</load_address>
         <run_address>0x4f4</run_address>
         <size>0xdb</size>
         <input_file_ref idref="fl-6"/>
      </object_component>
      <object_component id="oc-67">
         <name>.debug_abbrev</name>
         <load_address>0x5cf</load_address>
         <run_address>0x5cf</run_address>
         <size>0xdb</size>
         <input_file_ref idref="fl-7"/>
      </object_component>
      <object_component id="oc-6c">
         <name>.debug_abbrev</name>
         <load_address>0x6aa</load_address>
         <run_address>0x6aa</run_address>
         <size>0x107</size>
         <input_file_ref idref="fl-8"/>
      </object_component>
      <object_component id="oc-70">
         <name>.debug_abbrev</name>
         <load_address>0x7b1</load_address>
         <run_address>0x7b1</run_address>
         <size>0xbb</size>
         <input_file_ref idref="fl-9"/>
      </object_component>
      <object_component id="oc-74">
         <name>.debug_abbrev</name>
         <load_address>0x86c</load_address>
         <run_address>0x86c</run_address>
         <size>0x8a</size>
         <input_file_ref idref="fl-a"/>
      </object_component>
      <object_component id="oc-78">
         <name>.debug_abbrev</name>
         <load_address>0x8f6</load_address>
         <run_address>0x8f6</run_address>
         <size>0x133</size>
         <input_file_ref idref="fl-b"/>
      </object_component>
      <object_component id="oc-7c">
         <name>.debug_abbrev</name>
         <load_address>0xa29</load_address>
         <run_address>0xa29</run_address>
         <size>0xcd</size>
         <input_file_ref idref="fl-c"/>
      </object_component>
      <object_component id="oc-80">
         <name>.debug_abbrev</name>
         <load_address>0xaf6</load_address>
         <run_address>0xaf6</run_address>
         <size>0xcd</size>
         <input_file_ref idref="fl-d"/>
      </object_component>
      <object_component id="oc-b4">
         <name>.debug_abbrev</name>
         <load_address>0xbc3</load_address>
         <run_address>0xbc3</run_address>
         <size>0xb3</size>
         <input_file_ref idref="fl-e"/>
      </object_component>
      <object_component id="oc-b8">
         <name>.debug_abbrev</name>
         <load_address>0xc76</load_address>
         <run_address>0xc76</run_address>
         <size>0xdb</size>
         <input_file_ref idref="fl-f"/>
      </object_component>
      <object_component id="oc-bc">
         <name>.debug_abbrev</name>
         <load_address>0xd51</load_address>
         <run_address>0xd51</run_address>
         <size>0x100</size>
         <input_file_ref idref="fl-10"/>
      </object_component>
      <object_component id="oc-c0">
         <name>.debug_abbrev</name>
         <load_address>0xe51</load_address>
         <run_address>0xe51</run_address>
         <size>0xdb</size>
         <input_file_ref idref="fl-11"/>
      </object_component>
      <object_component id="oc-c4">
         <name>.debug_abbrev</name>
         <load_address>0xf2c</load_address>
         <run_address>0xf2c</run_address>
         <size>0x13c</size>
         <input_file_ref idref="fl-12"/>
      </object_component>
      <object_component id="oc-c8">
         <name>.debug_abbrev</name>
         <load_address>0x1068</load_address>
         <run_address>0x1068</run_address>
         <size>0x2c</size>
         <input_file_ref idref="fl-13"/>
      </object_component>
      <object_component id="oc-cd">
         <name>.debug_abbrev</name>
         <load_address>0x1094</load_address>
         <run_address>0x1094</run_address>
         <size>0xa1</size>
         <input_file_ref idref="fl-14"/>
      </object_component>
      <object_component id="oc-d1">
         <name>.debug_abbrev</name>
         <load_address>0x1135</load_address>
         <run_address>0x1135</run_address>
         <size>0x13c</size>
         <input_file_ref idref="fl-15"/>
      </object_component>
      <object_component id="oc-d5">
         <name>.debug_abbrev</name>
         <load_address>0x1271</load_address>
         <run_address>0x1271</run_address>
         <size>0x2c</size>
         <input_file_ref idref="fl-16"/>
      </object_component>
      <object_component id="oc-da">
         <name>.debug_abbrev</name>
         <load_address>0x129d</load_address>
         <run_address>0x129d</run_address>
         <size>0xf0</size>
         <input_file_ref idref="fl-17"/>
      </object_component>
      <object_component id="oc-df">
         <name>.debug_abbrev</name>
         <load_address>0x138d</load_address>
         <run_address>0x138d</run_address>
         <size>0x20</size>
         <input_file_ref idref="fl-18"/>
      </object_component>
      <object_component id="oc-e5">
         <name>.debug_abbrev</name>
         <load_address>0x13ad</load_address>
         <run_address>0x13ad</run_address>
         <size>0xfe</size>
         <input_file_ref idref="fl-1a"/>
      </object_component>
      <object_component id="oc-e9">
         <name>.debug_abbrev</name>
         <load_address>0x14ab</load_address>
         <run_address>0x14ab</run_address>
         <size>0x2c</size>
         <input_file_ref idref="fl-1b"/>
      </object_component>
      <object_component id="oc-ee">
         <name>.debug_abbrev</name>
         <load_address>0x14d7</load_address>
         <run_address>0x14d7</run_address>
         <size>0x43</size>
         <input_file_ref idref="fl-2f"/>
      </object_component>
      <object_component id="oc-f4">
         <name>.debug_abbrev</name>
         <load_address>0x151a</load_address>
         <run_address>0x151a</run_address>
         <size>0x10c</size>
         <input_file_ref idref="fl-30"/>
      </object_component>
      <object_component id="oc-f8">
         <name>.debug_abbrev</name>
         <load_address>0x1626</load_address>
         <run_address>0x1626</run_address>
         <size>0x35</size>
         <input_file_ref idref="fl-31"/>
      </object_component>
      <object_component id="oc-fc">
         <name>.debug_abbrev</name>
         <load_address>0x165b</load_address>
         <run_address>0x165b</run_address>
         <size>0x35</size>
         <input_file_ref idref="fl-32"/>
      </object_component>
      <object_component id="oc-100">
         <name>.debug_abbrev</name>
         <load_address>0x1690</load_address>
         <run_address>0x1690</run_address>
         <size>0xa6</size>
         <input_file_ref idref="fl-33"/>
      </object_component>
      <object_component id="oc-104">
         <name>.debug_abbrev</name>
         <load_address>0x1736</load_address>
         <run_address>0x1736</run_address>
         <size>0x94</size>
         <input_file_ref idref="fl-34"/>
      </object_component>
      <object_component id="oc-108">
         <name>.debug_abbrev</name>
         <load_address>0x17ca</load_address>
         <run_address>0x17ca</run_address>
         <size>0x9f</size>
         <input_file_ref idref="fl-35"/>
      </object_component>
      <object_component id="oc-10c">
         <name>.debug_abbrev</name>
         <load_address>0x1869</load_address>
         <run_address>0x1869</run_address>
         <size>0x35</size>
         <input_file_ref idref="fl-36"/>
      </object_component>
      <object_component id="oc-112">
         <name>.debug_abbrev</name>
         <load_address>0x189e</load_address>
         <run_address>0x189e</run_address>
         <size>0xa9</size>
         <input_file_ref idref="fl-37"/>
      </object_component>
      <object_component id="oc-116">
         <name>.debug_abbrev</name>
         <load_address>0x1947</load_address>
         <run_address>0x1947</run_address>
         <size>0xed</size>
         <input_file_ref idref="fl-38"/>
      </object_component>
      <object_component id="oc-187">
         <name>.debug_abbrev</name>
         <load_address>0x1a34</load_address>
         <run_address>0x1a34</run_address>
         <size>0xd</size>
      </object_component>
   </object_component_list>
   <logical_group_list>
      <logical_group id="lg-2" display="no" color="cyan">
         <name>PieVectTableFile</name>
         <run_address>0xd00</run_address>
         <size>0x100</size>
         <contents>
            <object_component_ref idref="oc-b3"/>
         </contents>
      </logical_group>
      <logical_group id="lg-3" display="no" color="cyan">
         <name>DevEmuRegsFile</name>
         <run_address>0x880</run_address>
         <size>0xd0</size>
         <contents>
            <object_component_ref idref="oc-af"/>
         </contents>
      </logical_group>
      <logical_group id="lg-4" display="no" color="cyan">
         <name>FlashRegsFile</name>
         <run_address>0xa80</run_address>
         <size>0x8</size>
         <contents>
            <object_component_ref idref="oc-85"/>
         </contents>
      </logical_group>
      <logical_group id="lg-5" display="no" color="cyan">
         <name>CsmRegsFile</name>
         <run_address>0xae0</run_address>
         <size>0x10</size>
         <contents>
            <object_component_ref idref="oc-8d"/>
         </contents>
      </logical_group>
      <logical_group id="lg-6" display="no" color="cyan">
         <name>AdcMirrorFile</name>
         <run_address>0xb00</run_address>
         <size>0x10</size>
         <contents>
            <object_component_ref idref="oc-8e"/>
         </contents>
      </logical_group>
      <logical_group id="lg-7" display="no" color="cyan">
         <name>XintfRegsFile</name>
         <run_address>0xb20</run_address>
         <size>0x1e</size>
         <contents>
            <object_component_ref idref="oc-92"/>
         </contents>
      </logical_group>
      <logical_group id="lg-8" display="no" color="cyan">
         <name>CpuTimer0RegsFile</name>
         <run_address>0xc00</run_address>
         <size>0x8</size>
         <contents>
            <object_component_ref idref="oc-86"/>
         </contents>
      </logical_group>
      <logical_group id="lg-9" display="no" color="cyan">
         <name>CpuTimer1RegsFile</name>
         <run_address>0xc08</run_address>
         <size>0x8</size>
         <contents>
            <object_component_ref idref="oc-87"/>
         </contents>
      </logical_group>
      <logical_group id="lg-a" display="no" color="cyan">
         <name>CpuTimer2RegsFile</name>
         <run_address>0xc10</run_address>
         <size>0x8</size>
         <contents>
            <object_component_ref idref="oc-83"/>
         </contents>
      </logical_group>
      <logical_group id="lg-b" display="no" color="cyan">
         <name>PieCtrlRegsFile</name>
         <run_address>0xce0</run_address>
         <size>0x1a</size>
         <contents>
            <object_component_ref idref="oc-90"/>
         </contents>
      </logical_group>
      <logical_group id="lg-c" display="no" color="cyan">
         <name>DmaRegsFile</name>
         <run_address>0x1000</run_address>
         <size>0xe0</size>
         <contents>
            <object_component_ref idref="oc-b0"/>
         </contents>
      </logical_group>
      <logical_group id="lg-d" display="no" color="cyan">
         <name>McbspaRegsFile</name>
         <run_address>0x5000</run_address>
         <size>0x25</size>
         <contents>
            <object_component_ref idref="oc-a3"/>
         </contents>
      </logical_group>
      <logical_group id="lg-e" display="no" color="cyan">
         <name>McbspbRegsFile</name>
         <run_address>0x5040</run_address>
         <size>0x25</size>
         <contents>
            <object_component_ref idref="oc-a2"/>
         </contents>
      </logical_group>
      <logical_group id="lg-f" display="no" color="cyan">
         <name>ECanaRegsFile</name>
         <run_address>0x6000</run_address>
         <size>0x34</size>
         <contents>
            <object_component_ref idref="oc-a5"/>
         </contents>
      </logical_group>
      <logical_group id="lg-10" display="no" color="cyan">
         <name>ECanaLAMRegsFile</name>
         <run_address>0x6040</run_address>
         <size>0x40</size>
         <contents>
            <object_component_ref idref="oc-a9"/>
         </contents>
      </logical_group>
      <logical_group id="lg-11" display="no" color="cyan">
         <name>ECanaMboxesFile</name>
         <run_address>0x6100</run_address>
         <size>0x100</size>
         <contents>
            <object_component_ref idref="oc-b2"/>
         </contents>
      </logical_group>
      <logical_group id="lg-12" display="no" color="cyan">
         <name>ECanaMOTSRegsFile</name>
         <run_address>0x6080</run_address>
         <size>0x40</size>
         <contents>
            <object_component_ref idref="oc-aa"/>
         </contents>
      </logical_group>
      <logical_group id="lg-13" display="no" color="cyan">
         <name>ECanaMOTORegsFile</name>
         <run_address>0x60c0</run_address>
         <size>0x40</size>
         <contents>
            <object_component_ref idref="oc-a7"/>
         </contents>
      </logical_group>
      <logical_group id="lg-14" display="no" color="cyan">
         <name>ECanbRegsFile</name>
         <run_address>0x6200</run_address>
         <size>0x34</size>
         <contents>
            <object_component_ref idref="oc-a6"/>
         </contents>
      </logical_group>
      <logical_group id="lg-15" display="no" color="cyan">
         <name>ECanbLAMRegsFile</name>
         <run_address>0x6240</run_address>
         <size>0x40</size>
         <contents>
            <object_component_ref idref="oc-ae"/>
         </contents>
      </logical_group>
      <logical_group id="lg-16" display="no" color="cyan">
         <name>ECanbMboxesFile</name>
         <run_address>0x6300</run_address>
         <size>0x100</size>
         <contents>
            <object_component_ref idref="oc-b1"/>
         </contents>
      </logical_group>
      <logical_group id="lg-17" display="no" color="cyan">
         <name>ECanbMOTSRegsFile</name>
         <run_address>0x6280</run_address>
         <size>0x40</size>
         <contents>
            <object_component_ref idref="oc-a8"/>
         </contents>
      </logical_group>
      <logical_group id="lg-18" display="no" color="cyan">
         <name>ECanbMOTORegsFile</name>
         <run_address>0x62c0</run_address>
         <size>0x40</size>
         <contents>
            <object_component_ref idref="oc-ab"/>
         </contents>
      </logical_group>
      <logical_group id="lg-19" display="no" color="cyan">
         <name>EPwm1RegsFile</name>
         <run_address>0x6800</run_address>
         <size>0x22</size>
         <contents>
            <object_component_ref idref="oc-a0"/>
         </contents>
      </logical_group>
      <logical_group id="lg-1a" display="no" color="cyan">
         <name>EPwm2RegsFile</name>
         <run_address>0x6840</run_address>
         <size>0x22</size>
         <contents>
            <object_component_ref idref="oc-9b"/>
         </contents>
      </logical_group>
      <logical_group id="lg-1b" display="no" color="cyan">
         <name>EPwm3RegsFile</name>
         <run_address>0x6880</run_address>
         <size>0x22</size>
         <contents>
            <object_component_ref idref="oc-9c"/>
         </contents>
      </logical_group>
      <logical_group id="lg-1c" display="no" color="cyan">
         <name>EPwm4RegsFile</name>
         <run_address>0x68c0</run_address>
         <size>0x22</size>
         <contents>
            <object_component_ref idref="oc-a1"/>
         </contents>
      </logical_group>
      <logical_group id="lg-1d" display="no" color="cyan">
         <name>EPwm5RegsFile</name>
         <run_address>0x6900</run_address>
         <size>0x22</size>
         <contents>
            <object_component_ref idref="oc-9e"/>
         </contents>
      </logical_group>
      <logical_group id="lg-1e" display="no" color="cyan">
         <name>EPwm6RegsFile</name>
         <run_address>0x6940</run_address>
         <size>0x22</size>
         <contents>
            <object_component_ref idref="oc-9f"/>
         </contents>
      </logical_group>
      <logical_group id="lg-1f" display="no" color="cyan">
         <name>ECap1RegsFile</name>
         <run_address>0x6a00</run_address>
         <size>0x20</size>
         <contents>
            <object_component_ref idref="oc-95"/>
         </contents>
      </logical_group>
      <logical_group id="lg-20" display="no" color="cyan">
         <name>ECap2RegsFile</name>
         <run_address>0x6a20</run_address>
         <size>0x20</size>
         <contents>
            <object_component_ref idref="oc-96"/>
         </contents>
      </logical_group>
      <logical_group id="lg-21" display="no" color="cyan">
         <name>ECap3RegsFile</name>
         <run_address>0x6a40</run_address>
         <size>0x20</size>
         <contents>
            <object_component_ref idref="oc-93"/>
         </contents>
      </logical_group>
      <logical_group id="lg-22" display="no" color="cyan">
         <name>ECap4RegsFile</name>
         <run_address>0x6a60</run_address>
         <size>0x20</size>
         <contents>
            <object_component_ref idref="oc-94"/>
         </contents>
      </logical_group>
      <logical_group id="lg-23" display="no" color="cyan">
         <name>ECap5RegsFile</name>
         <run_address>0x6a80</run_address>
         <size>0x20</size>
         <contents>
            <object_component_ref idref="oc-99"/>
         </contents>
      </logical_group>
      <logical_group id="lg-24" display="no" color="cyan">
         <name>ECap6RegsFile</name>
         <run_address>0x6aa0</run_address>
         <size>0x20</size>
         <contents>
            <object_component_ref idref="oc-9a"/>
         </contents>
      </logical_group>
      <logical_group id="lg-25" display="no" color="cyan">
         <name>EQep1RegsFile</name>
         <run_address>0x6b00</run_address>
         <size>0x40</size>
         <contents>
            <object_component_ref idref="oc-ac"/>
         </contents>
      </logical_group>
      <logical_group id="lg-26" display="no" color="cyan">
         <name>EQep2RegsFile</name>
         <run_address>0x6b40</run_address>
         <size>0x40</size>
         <contents>
            <object_component_ref idref="oc-ad"/>
         </contents>
      </logical_group>
      <logical_group id="lg-27" display="no" color="cyan">
         <name>GpioCtrlRegsFile</name>
         <run_address>0x6f80</run_address>
         <size>0x2e</size>
         <contents>
            <object_component_ref idref="oc-a4"/>
         </contents>
      </logical_group>
      <logical_group id="lg-28" display="no" color="cyan">
         <name>GpioDataRegsFile</name>
         <run_address>0x6fc0</run_address>
         <size>0x20</size>
         <contents>
            <object_component_ref idref="oc-97"/>
         </contents>
      </logical_group>
      <logical_group id="lg-29" display="no" color="cyan">
         <name>GpioIntRegsFile</name>
         <run_address>0x6fe0</run_address>
         <size>0xa</size>
         <contents>
            <object_component_ref idref="oc-88"/>
         </contents>
      </logical_group>
      <logical_group id="lg-2a" display="no" color="cyan">
         <name>SysCtrlRegsFile</name>
         <run_address>0x7010</run_address>
         <size>0x20</size>
         <contents>
            <object_component_ref idref="oc-98"/>
         </contents>
      </logical_group>
      <logical_group id="lg-2b" display="no" color="cyan">
         <name>SpiaRegsFile</name>
         <run_address>0x7040</run_address>
         <size>0x10</size>
         <contents>
            <object_component_ref idref="oc-89"/>
         </contents>
      </logical_group>
      <logical_group id="lg-2c" display="no" color="cyan">
         <name>SciaRegsFile</name>
         <run_address>0x7050</run_address>
         <size>0x10</size>
         <contents>
            <object_component_ref idref="oc-8c"/>
         </contents>
      </logical_group>
      <logical_group id="lg-2d" display="no" color="cyan">
         <name>XIntruptRegsFile</name>
         <run_address>0x7070</run_address>
         <size>0x10</size>
         <contents>
            <object_component_ref idref="oc-8f"/>
         </contents>
      </logical_group>
      <logical_group id="lg-2e" display="no" color="cyan">
         <name>AdcRegsFile</name>
         <run_address>0x7100</run_address>
         <size>0x1e</size>
         <contents>
            <object_component_ref idref="oc-91"/>
         </contents>
      </logical_group>
      <logical_group id="lg-2f" display="no" color="cyan">
         <name>ScibRegsFile</name>
         <run_address>0x7750</run_address>
         <size>0x10</size>
         <contents>
[...]
         <object_component_ref idref="oc-11d"/>
      </symbol>
      <symbol id="sm-361">
         <name>_InitEPwm6Gpio</name>
         <value>0x339c15</value>
         <object_component_ref idref="oc-11d"/>
      </symbol>
      <symbol id="sm-362">
         <name>_InitEPwmGpio</name>
         <value>0x339baa</value>
         <object_component_ref idref="oc-11d"/>
      </symbol>
      <symbol id="sm-363">
         <name>_InitEPwm5Gpio</name>
         <value>0x339c03</value>
         <object_component_ref idref="oc-11d"/>
      </symbol>
      <symbol id="sm-364">
         <name>_InitEPwm4Gpio</name>
         <value>0x339bef</value>
         <object_component_ref idref="oc-11d"/>
      </symbol>
      <symbol id="sm-365">
         <name>_InitEPwmSyncGpio</name>
         <value>0x339c27</value>
         <object_component_ref idref="oc-11d"/>
      </symbol>
      <symbol id="sm-366">
         <name>_InitEPwm</name>
         <value>0x339ba9</value>
         <object_component_ref idref="oc-11d"/>
      </symbol>
      <symbol id="sm-370">
         <name>_InitECap6Gpio</name>
         <value>0x339dbf</value>
         <object_component_ref idref="oc-11e"/>
      </symbol>
      <symbol id="sm-371">
         <name>_InitECap</name>
         <value>0x339d6d</value>
         <object_component_ref idref="oc-11e"/>
      </symbol>
      <symbol id="sm-372">
         <name>_InitECap5Gpio</name>
         <value>0x339db1</value>
         <object_component_ref idref="oc-11e"/>
      </symbol>
      <symbol id="sm-373">
         <name>_InitECap4Gpio</name>
         <value>0x339da5</value>
         <object_component_ref idref="oc-11e"/>
      </symbol>
      <symbol id="sm-374">
         <name>_InitECap3Gpio</name>
         <value>0x339d97</value>
         <object_component_ref idref="oc-11e"/>
      </symbol>
      <symbol id="sm-375">
         <name>_InitECap2Gpio</name>
         <value>0x339d89</value>
         <object_component_ref idref="oc-11e"/>
      </symbol>
      <symbol id="sm-376">
         <name>_InitECap1Gpio</name>
         <value>0x339d7b</value>
         <object_component_ref idref="oc-11e"/>
      </symbol>
      <symbol id="sm-377">
         <name>_InitECapGpio</name>
         <value>0x339d6e</value>
         <object_component_ref idref="oc-11e"/>
      </symbol>
      <symbol id="sm-386">
         <name>_DSP28x_DisableInt</name>
         <value>0x339f98</value>
         <object_component_ref idref="oc-c5"/>
      </symbol>
      <symbol id="sm-387">
         <name>_DSP28x_RestoreInt</name>
         <value>0x339f9c</value>
         <object_component_ref idref="oc-c5"/>
      </symbol>
      <symbol id="sm-3de">
         <name>_ILLEGAL_ISR</name>
         <value>0x3394e3</value>
         <object_component_ref idref="oc-ca"/>
      </symbol>
      <symbol id="sm-3df">
         <name>_EPWM6_INT_ISR</name>
         <value>0x339619</value>
         <object_component_ref idref="oc-ca"/>
      </symbol>
      <symbol id="sm-3e0">
         <name>_DATALOG_ISR</name>
         <value>0x3394bb</value>
         <object_component_ref idref="oc-ca"/>
      </symbol>
      <symbol id="sm-3e1">
         <name>_SPITXINTA_ISR</name>
         <value>0x33967d</value>
         <object_component_ref idref="oc-ca"/>
      </symbol>
      <symbol id="sm-3e2">
         <name>_SPIRXINTA_ISR</name>
         <value>0x339673</value>
         <object_component_ref idref="oc-ca"/>
      </symbol>
      <symbol id="sm-3e3">
         <name>_DINTCH3_ISR</name>
         <value>0x3396c3</value>
         <object_component_ref idref="oc-ca"/>
      </symbol>
      <symbol id="sm-3e4">
         <name>_XINT4_ISR</name>
         <value>0x33976d</value>
         <object_component_ref idref="oc-ca"/>
      </symbol>
      <symbol id="sm-3e5">
         <name>_SEQ1INT_ISR</name>
         <value>0x339565</value>
         <object_component_ref idref="oc-ca"/>
      </symbol>
      <symbol id="sm-3e6">
         <name>_ECAP3_INT_ISR</name>
         <value>0x339637</value>
         <object_component_ref idref="oc-ca"/>
      </symbol>
      <symbol id="sm-3e7">
         <name>_INT13_ISR</name>
         <value>0x3394a7</value>
         <object_component_ref idref="oc-ca"/>
      </symbol>
      <symbol id="sm-3e8">
         <name>_MXINTA_ISR</name>
         <value>0x3396a5</value>
         <object_component_ref idref="oc-ca"/>
      </symbol>
      <symbol id="sm-3e9">
         <name>_EPWM4_INT_ISR</name>
         <value>0x339605</value>
         <object_component_ref idref="oc-ca"/>
      </symbol>
      <symbol id="sm-3ea">
         <name>_USER5_ISR</name>
         <value>0x339515</value>
         <object_component_ref idref="oc-ca"/>
      </symbol>
      <symbol id="sm-3eb">
         <name>_XINT7_ISR</name>
         <value>0x33978b</value>
         <object_component_ref idref="oc-ca"/>
      </symbol>
      <symbol id="sm-3ec">
         <name>_EPWM5_TZINT_ISR</name>
         <value>0x3395d3</value>
         <object_component_ref idref="oc-ca"/>
      </symbol>
      <symbol id="sm-3ed">
         <name>_EPWM4_TZINT_ISR</name>
         <value>0x3395c9</value>
         <object_component_ref idref="oc-ca"/>
      </symbol>
      <symbol id="sm-3ee">
         <name>_ECAN0INTA_ISR</name>
         <value>0x33973b</value>
         <object_component_ref idref="oc-ca"/>
      </symbol>
      <symbol id="sm-3ef">
         <name>_EPWM6_TZINT_ISR</name>
         <value>0x3395dd</value>
         <object_component_ref idref="oc-ca"/>
      </symbol>
      <symbol id="sm-3f0">
         <name>_EMUINT_ISR</name>
         <value>0x3394cf</value>
         <object_component_ref idref="oc-ca"/>
      </symbol>
      <symbol id="sm-3f1">
         <name>_ECAP1_INT_ISR</name>
         <value>0x339623</value>
         <object_component_ref idref="oc-ca"/>
      </symbol>
      <symbol id="sm-3f2">
         <name>_EPWM1_TZINT_ISR</name>
         <value>0x3395ab</value>
         <object_component_ref idref="oc-ca"/>
      </symbol>
      <symbol id="sm-3f3">
         <name>_EQEP2_INT_ISR</name>
         <value>0x339669</value>
         <object_component_ref idref="oc-ca"/>
      </symbol>
      <symbol id="sm-3f4">
         <name>_USER11_ISR</name>
         <value>0x339551</value>
         <object_component_ref idref="oc-ca"/>
      </symbol>
      <symbol id="sm-3f5">
         <name>_EPWM3_TZINT_ISR</name>
         <value>0x3395bf</value>
         <object_component_ref idref="oc-ca"/>
      </symbol>
      <symbol id="sm-3f6">
         <name>_USER4_ISR</name>
         <value>0x33950b</value>
         <object_component_ref idref="oc-ca"/>
      </symbol>
      <symbol id="sm-3f7">
         <name>_EPWM2_TZINT_ISR</name>
         <value>0x3395b5</value>
         <object_component_ref idref="oc-ca"/>
      </symbol>
      <symbol id="sm-3f8">
         <name>_XINT6_ISR</name>
         <value>0x339781</value>
         <object_component_ref idref="oc-ca"/>
      </symbol>
      <symbol id="sm-3f9">
         <name>_EPWM2_INT_ISR</name>
         <value>0x3395f1</value>
         <object_component_ref idref="oc-ca"/>
      </symbol>
      <symbol id="sm-3fa">
         <name>_ECAN0INTB_ISR</name>
         <value>0x33974f</value>
         <object_component_ref idref="oc-ca"/>
      </symbol>
      <symbol id="sm-3fb">
         <name>_TINT0_ISR</name>
         <value>0x339597</value>
         <object_component_ref idref="oc-ca"/>
      </symbol>
      <symbol id="sm-3fc">
         <name>_WAKEINT_ISR</name>
         <value>0x3395a1</value>
         <object_component_ref idref="oc-ca"/>
      </symbol>
      <symbol id="sm-3fd">
         <name>_DINTCH4_ISR</name>
         <value>0x3396cd</value>
         <object_component_ref idref="oc-ca"/>
      </symbol>
      <symbol id="sm-3fe">
         <name>_USER10_ISR</name>
         <value>0x339547</value>
         <object_component_ref idref="oc-ca"/>
      </symbol>
      <symbol id="sm-3ff">
         <name>_USER7_ISR</name>
         <value>0x339529</value>
         <object_component_ref idref="oc-ca"/>
      </symbol>
      <symbol id="sm-400">
         <name>_XINT1_ISR</name>
         <value>0x339579</value>
         <object_component_ref idref="oc-ca"/>
      </symbol>
      <symbol id="sm-401">
         <name>_ECAP6_INT_ISR</name>
         <value>0x339655</value>
         <object_component_ref idref="oc-ca"/>
      </symbol>
      <symbol id="sm-402">
         <name>_INT14_ISR</name>
         <value>0x3394b1</value>
         <object_component_ref idref="oc-ca"/>
      </symbol>
      <symbol id="sm-403">
         <name>_MXINTB_ISR</name>
         <value>0x339691</value>
         <object_component_ref idref="oc-ca"/>
      </symbol>
      <symbol id="sm-404">
         <name>_DINTCH5_ISR</name>
         <value>0x3396d7</value>
         <object_component_ref idref="oc-ca"/>
      </symbol>
      <symbol id="sm-405">
         <name>_USER6_ISR</name>
         <value>0x33951f</value>
         <object_component_ref idref="oc-ca"/>
      </symbol>
      <symbol id="sm-406">
         <name>_ECAP4_INT_ISR</name>
         <value>0x339641</value>
         <object_component_ref idref="oc-ca"/>
      </symbol>
      <symbol id="sm-407">
         <name>_MRINTA_ISR</name>
         <value>0x33969b</value>
         <object_component_ref idref="oc-ca"/>
      </symbol>
      <symbol id="sm-408">
         <name>_DINTCH6_ISR</name>
         <value>0x3396e1</value>
         <object_component_ref idref="oc-ca"/>
      </symbol>
      <symbol id="sm-409">
         <name>_USER12_ISR</name>
         <value>0x33955b</value>
         <object_component_ref idref="oc-ca"/>
      </symbol>
      <symbol id="sm-40a">
         <name>_ADCINT_ISR</name>
         <value>0x33958d</value>
         <object_component_ref idref="oc-ca"/>
      </symbol>
      <symbol id="sm-40b">
         <name>_USER1_ISR</name>
         <value>0x3394ed</value>
         <object_component_ref idref="oc-ca"/>
      </symbol>
      <symbol id="sm-40c">
         <name>_XINT3_ISR</name>
         <value>0x339763</value>
         <object_component_ref idref="oc-ca"/>
      </symbol>
      <symbol id="sm-40d">
         <name>_EPWM5_INT_ISR</name>
         <value>0x33960f</value>
         <object_component_ref idref="oc-ca"/>
      </symbol>
      <symbol id="sm-40e">
         <name>_NMI_ISR</name>
         <value>0x3394d9</value>
         <object_component_ref idref="oc-ca"/>
      </symbol>
      <symbol id="sm-40f">
         <name>_SCITXINTB_ISR</name>
         <value>0x339731</value>
         <object_component_ref idref="oc-ca"/>
      </symbol>
      <symbol id="sm-410">
         <name>_SCIRXINTB_ISR</name>
         <value>0x339727</value>
         <object_component_ref idref="oc-ca"/>
      </symbol>
      <symbol id="sm-411">
         <name>_ECAN1INTA_ISR</name>
         <value>0x339745</value>
         <object_component_ref idref="oc-ca"/>
      </symbol>
      <symbol id="sm-412">
         <name>_ECAP2_INT_ISR</name>
         <value>0x33962d</value>
         <object_component_ref idref="oc-ca"/>
      </symbol>
      <symbol id="sm-413">
         <name>_PIE_RESERVED</name>
         <value>0x3397a9</value>
         <object_component_ref idref="oc-ca"/>
      </symbol>
      <symbol id="sm-414">
         <name>_I2CINT1A_ISR</name>
         <value>0x3396eb</value>
         <object_component_ref idref="oc-ca"/>
      </symbol>
      <symbol id="sm-415">
         <name>_XINT2_ISR</name>
         <value>0x339583</value>
         <object_component_ref idref="oc-ca"/>
      </symbol>
      <symbol id="sm-416">
         <name>_I2CINT2A_ISR</name>
         <value>0x3396f5</value>
         <object_component_ref idref="oc-ca"/>
      </symbol>
      <symbol id="sm-417">
         <name>_SCITXINTC_ISR</name>
         <value>0x339709</value>
         <object_component_ref idref="oc-ca"/>
      </symbol>
      <symbol id="sm-418">
         <name>_SCIRXINTC_ISR</name>
         <value>0x3396ff</value>
         <object_component_ref idref="oc-ca"/>
      </symbol>
      <symbol id="sm-419">
         <name>_RTOSINT_ISR</name>
         <value>0x3394c5</value>
         <object_component_ref idref="oc-ca"/>
      </symbol>
      <symbol id="sm-41a">
         <name>_EPWM3_INT_ISR</name>
         <value>0x3395fb</value>
         <object_component_ref idref="oc-ca"/>
      </symbol>
      <symbol id="sm-41b">
         <name>_ECAN1INTB_ISR</name>
         <value>0x339759</value>
         <object_component_ref idref="oc-ca"/>
      </symbol>
      <symbol id="sm-41c">
         <name>_USER9_ISR</name>
         <value>0x33953d</value>
         <object_component_ref idref="oc-ca"/>
      </symbol>
      <symbol id="sm-41d">
         <name>_USER3_ISR</name>
         <value>0x339501</value>
         <object_component_ref idref="oc-ca"/>
      </symbol>
      <symbol id="sm-41e">
         <name>_EQEP1_INT_ISR</name>
         <value>0x33965f</value>
         <object_component_ref idref="oc-ca"/>
      </symbol>
      <symbol id="sm-41f">
         <name>_MRINTB_ISR</name>
         <value>0x339687</value>
         <object_component_ref idref="oc-ca"/>
      </symbol>
      <symbol id="sm-420">
         <name>_DINTCH1_ISR</name>
         <value>0x3396af</value>
         <object_component_ref idref="oc-ca"/>
      </symbol>
      <symbol id="sm-421">
         <name>_USER8_ISR</name>
         <value>0x339533</value>
         <object_component_ref idref="oc-ca"/>
      </symbol>
      <symbol id="sm-422">
         <name>_EPWM1_INT_ISR</name>
         <value>0x3395e7</value>
         <object_component_ref idref="oc-ca"/>
      </symbol>
      <symbol id="sm-423">
         <name>_SEQ2INT_ISR</name>
         <value>0x33956f</value>
         <object_component_ref idref="oc-ca"/>
      </symbol>
      <symbol id="sm-424">
         <name>_USER2_ISR</name>
         <value>0x3394f7</value>
         <object_component_ref idref="oc-ca"/>
      </symbol>
      <symbol id="sm-425">
         <name>_LUF_ISR</name>
         <value>0x33979f</value>
         <object_component_ref idref="oc-ca"/>
      </symbol>
      <symbol id="sm-426">
         <name>_LVF_ISR</name>
         <value>0x339795</value>
         <object_component_ref idref="oc-ca"/>
      </symbol>
      <symbol id="sm-427">
         <name>_SCITXINTA_ISR</name>
         <value>0x33971d</value>
         <object_component_ref idref="oc-ca"/>
      </symbol>
      <symbol id="sm-428">
         <name>_SCIRXINTA_ISR</name>
         <value>0x339713</value>
         <object_component_ref idref="oc-ca"/>
      </symbol>
      <symbol id="sm-429">
         <name>_rsvd_ISR</name>
         <value>0x3397b3</value>
         <object_component_ref idref="oc-ca"/>
      </symbol>
      <symbol id="sm-42a">
         <name>_ECAP5_INT_ISR</name>
         <value>0x33964b</value>
         <object_component_ref idref="oc-ca"/>
      </symbol>
      <symbol id="sm-42b">
         <name>_DINTCH2_ISR</name>
         <value>0x3396b9</value>
         <object_component_ref idref="oc-ca"/>
      </symbol>
      <symbol id="sm-42c">
         <name>_XINT5_ISR</name>
         <value>0x339777</value>
         <object_component_ref idref="oc-ca"/>
      </symbol>
      <symbol id="sm-43b">
         <name>_SetDBGIER</name>
         <value>0x339f9f</value>
         <object_component_ref idref="oc-d2"/>
      </symbol>
      <symbol id="sm-447">
         <name>_CpuTimer2</name>
         <value>0xca88</value>
         <object_component_ref idref="oc-d7"/>
      </symbol>
      <symbol id="sm-448">
         <name>_CpuTimer0</name>
         <value>0xca90</value>
         <object_component_ref idref="oc-d7"/>
      </symbol>
      <symbol id="sm-449">
         <name>_CpuTimer1</name>
         <value>0xca80</value>
         <object_component_ref idref="oc-d7"/>
      </symbol>
      <symbol id="sm-44a">
         <name>_InitCpuTimers</name>
         <value>0x339cf9</value>
         <object_component_ref idref="oc-132"/>
      </symbol>
      <symbol id="sm-44b">
         <name>_ConfigCpuTimer</name>
         <value>0x339d32</value>
         <object_component_ref idref="oc-132"/>
      </symbol>
      <symbol id="sm-456">
         <name>code_start</name>
         <value>0x33fff6</value>
         <object_component_ref idref="oc-dc"/>
      </symbol>
      <symbol id="sm-465">
         <name>_InitAdc</name>
         <value>0x339f57</value>
         <object_component_ref idref="oc-124"/>
      </symbol>
      <symbol id="sm-46d">
         <name>_ADC_cal</name>
         <value>0x380080</value>
         <object_component_ref idref="oc-e6"/>
      </symbol>
      <symbol id="sm-481">
         <name>_c_int00</name>
         <value>0x339e15</value>
         <object_component_ref idref="oc-4b"/>
      </symbol>
      <symbol id="sm-482">
         <name>__stack</name>
         <value>0x400</value>
         <object_component_ref idref="oc-ea"/>
      </symbol>
      <symbol id="sm-493">
         <name>C$$EXIT</name>
         <value>0x339f29</value>
         <object_component_ref idref="oc-118"/>
      </symbol>
      <symbol id="sm-494">
         <name>_exit</name>
         <value>0x339f2b</value>
         <object_component_ref idref="oc-118"/>
      </symbol>
      <symbol id="sm-495">
         <name>___TI_cleanup_ptr</name>
         <value>0xca9c</value>
         <object_component_ref idref="oc-f1"/>
      </symbol>
      <symbol id="sm-496">
         <name>_abort</name>
         <value>0x339f29</value>
         <object_component_ref idref="oc-118"/>
      </symbol>
      <symbol id="sm-497">
         <name>___TI_dtors_ptr</name>
         <value>0xca9e</value>
         <object_component_ref idref="oc-f1"/>
      </symbol>
      <symbol id="sm-4a4">
         <name>FS$$DIV</name>
         <value>0x339c71</value>
         <object_component_ref idref="oc-f5"/>
      </symbol>
      <symbol id="sm-4ae">
         <name>I$$MOD</name>
         <value>0x339ebe</value>
         <object_component_ref idref="oc-f9"/>
      </symbol>
      <symbol id="sm-4af">
         <name>I$$DIV</name>
         <value>0x339ead</value>
         <object_component_ref idref="oc-f9"/>
      </symbol>
      <symbol id="sm-4be">
         <name>___memcpy_ff</name>
         <value>0x339ecf</value>
         <object_component_ref idref="oc-126"/>
      </symbol>
      <symbol id="sm-4cb">
         <name>_strcat</name>
         <value>0x339f7f</value>
         <object_component_ref idref="oc-131"/>
      </symbol>
      <symbol id="sm-4d6">
         <name>_strlen</name>
         <value>0x339f90</value>
         <object_component_ref idref="oc-130"/>
      </symbol>
      <symbol id="sm-4de">
         <name>U$$MOD</name>
         <value>0x339f70</value>
         <object_component_ref idref="oc-109"/>
      </symbol>
      <symbol id="sm-4df">
         <name>U$$DIV</name>
         <value>0x339f6b</value>
         <object_component_ref idref="oc-109"/>
      </symbol>
      <symbol id="sm-4ed">
         <name>__unlock</name>
         <value>0xca98</value>
         <object_component_ref idref="oc-10f"/>
      </symbol>
      <symbol id="sm-4ee">
         <name>__lock</name>
         <value>0xca9a</value>
         <object_component_ref idref="oc-10f"/>
      </symbol>
      <symbol id="sm-4ef">
         <name>__register_lock</name>
         <value>0x339f7a</value>
         <object_component_ref idref="oc-11a"/>
      </symbol>
      <symbol id="sm-4f0">
         <name>__nop</name>
         <value>0x339f7e</value>
         <object_component_ref idref="oc-11a"/>
      </symbol>
      <symbol id="sm-4f1">
         <name>__register_unlock</name>
         <value>0x339f76</value>
         <object_component_ref idref="oc-11a"/>
      </symbol>
      <symbol id="sm-4fd">
         <name>__args_main</name>
         <value>0x339f10</value>
         <object_component_ref idref="oc-117"/>
      </symbol>
      <symbol id="sm-4fe">
         <name>__TI_args_main</name>
         <value>0x1</value>
      </symbol>
   </symbol_table>
   <title>Link successful</title>
</link_info>
